// Jest Snapshot v1, https://goo.gl/fbAQLP

exports[`AskUserName snapshot 1`] = `
<div>
  <RNCSafeAreaView
    edges={
      {
        "bottom": "additive",
        "left": "additive",
        "right": "additive",
        "top": "additive",
      }
    }
  >
    <View
      style={
        {
          "alignItems": "center",
          "flexDirection": "column",
          "justifyContent": "center",
          "marginTop": "10%",
        }
      }
    >
      <View>
        <View
          style={
            {
              "flexDirection": "column",
            }
          }
        >
          <View
            style={
              [
                {
                  "borderColor": "#E67918",
                  "borderRadius": 12,
                  "borderWidth": 1,
                  "flexDirection": "row",
                  "justifyContent": "center",
                },
                undefined,
              ]
            }
          >
            <TextInput
              onChangeText={[Function]}
              placeholder="Nom"
              secureTextEntry={false}
              style={
                {
                  "fontSize": 13,
                  "height": "85%",
                  "paddingStart": "5%",
                  "width": "88%",
                }
              }
            />
          </View>
        </View>
      </View>
      <View
        style={
          {
            "marginTop": "3%",
          }
        }
      >
        <View
          style={
            {
              "flexDirection": "column",
            }
          }
        >
          <View
            style={
              [
                {
                  "borderColor": "#E67918",
                  "borderRadius": 12,
                  "borderWidth": 1,
                  "flexDirection": "row",
                  "justifyContent": "center",
                },
                undefined,
              ]
            }
          >
            <TextInput
              onChangeText={[Function]}
              placeholder="PrÃ©nom"
              secureTextEntry={false}
              style={
                {
                  "fontSize": 13,
                  "height": "85%",
                  "paddingStart": "5%",
                  "width": "88%",
                }
              }
            />
          </View>
        </View>
      </View>
      <View
        style={
          {
            "marginTop": "25%",
          }
        }
      >
        <View
          style={
            [
              {
                "flexDirection": "row",
                "justifyContent": "center",
              },
              undefined,
            ]
          }
        >
          <View
            accessibilityState={
              {
                "busy": undefined,
                "checked": undefined,
                "disabled": true,
                "expanded": undefined,
                "selected": undefined,
              }
            }
            accessibilityValue={
              {
                "max": undefined,
                "min": undefined,
                "now": undefined,
                "text": undefined,
              }
            }
            accessible={true}
            collapsable={false}
            focusable={true}
            onClick={[Function]}
            onResponderGrant={[Function]}
            onResponderMove={[Function]}
            onResponderRelease={[Function]}
            onResponderTerminate={[Function]}
            onResponderTerminationRequest={[Function]}
            onStartShouldSetResponder={[Function]}
            style={
              {
                "alignContent": "center",
                "alignItems": "center",
                "backgroundColor": "#E2B288",
                "borderRadius": 4,
                "display": "flex",
                "height": undefined,
                "justifyContent": "center",
                "minWidth": "35%",
                "opacity": 1,
                "paddingVertical": 7,
                "width": "77%",
              }
            }
          >
            <Text
              style={
                [
                  {
                    "color": "black",
                    "fontFamily": "AvenirNext-Regular",
                    "fontSize": 13,
                    "textAlign": "center",
                  },
                  {
                    "color": "gray",
                  },
                  undefined,
                ]
              }
            >
              Continuer
            </Text>
          </View>
        </View>
      </View>
    </View>
  </RNCSafeAreaView>
</div>
`;
