// Jest Snapshot v1, https://goo.gl/fbAQLP

exports[`AskUserBirhtdateComponent snapshot 1`] = `
<div>
  <RNCSafeAreaView
    edges={
      {
        "bottom": "additive",
        "left": "additive",
        "right": "additive",
        "top": "additive",
      }
    }
  >
    <View
      style={
        {
          "alignItems": "center",
          "flexDirection": "column",
          "justifyContent": "center",
          "marginTop": "10%",
        }
      }
    >
      <Text
        onPress={[Function]}
        style={
          [
            {
              "borderColor": "#E67918",
              "borderRadius": 12,
              "borderWidth": 1,
              "color": "gray",
              "height": "20%",
              "paddingStart": "5%",
              "paddingTop": "2%",
              "width": "90%",
            },
            {
              "color": "gray",
            },
          ]
        }
      >
        2023-01-01
      </Text>
      <Text
        style={
          {
            "color": "gray",
            "fontFamily": "AvenirNext-Regular",
            "fontSize": 15,
          }
        }
      >
        Vous devez avoir au moins 18 ans pour accéder à Kasa
      </Text>
      <View
        style={
          {
            "marginTop": "15%",
          }
        }
      >
        <View
          style={
            [
              {
                "flexDirection": "row",
                "justifyContent": "center",
              },
              undefined,
            ]
          }
        >
          <View
            accessibilityState={
              {
                "busy": undefined,
                "checked": undefined,
                "disabled": true,
                "expanded": undefined,
                "selected": undefined,
              }
            }
            accessibilityValue={
              {
                "max": undefined,
                "min": undefined,
                "now": undefined,
                "text": undefined,
              }
            }
            accessible={true}
            collapsable={false}
            focusable={true}
            onClick={[Function]}
            onResponderGrant={[Function]}
            onResponderMove={[Function]}
            onResponderRelease={[Function]}
            onResponderTerminate={[Function]}
            onResponderTerminationRequest={[Function]}
            onStartShouldSetResponder={[Function]}
            style={
              {
                "alignContent": "center",
                "alignItems": "center",
                "backgroundColor": "#E2B288",
                "borderRadius": 4,
                "display": "flex",
                "height": undefined,
                "justifyContent": "center",
                "minWidth": "35%",
                "opacity": 1,
                "paddingVertical": 7,
                "width": "77%",
              }
            }
          >
            <Text
              style={
                [
                  {
                    "color": "black",
                    "fontFamily": "AvenirNext-Regular",
                    "fontSize": 13,
                    "textAlign": "center",
                  },
                  {
                    "color": "gray",
                  },
                  undefined,
                ]
              }
            >
              Continuer
            </Text>
          </View>
        </View>
      </View>
    </View>
  </RNCSafeAreaView>
</div>
`;
