// Jest Snapshot v1, https://goo.gl/fbAQLP

exports[`AskUserPassword snapshot 1`] = `
<div>
  <RNCSafeAreaView
    edges={
      {
        "bottom": "additive",
        "left": "additive",
        "right": "additive",
        "top": "additive",
      }
    }
  >
    <View
      style={
        {
          "alignItems": "center",
          "flexDirection": "column",
          "justifyContent": "center",
          "marginTop": "10%",
        }
      }
    >
      <View
        style={
          {
            "flexDirection": "row",
            "justifyContent": "center",
          }
        }
      >
        <View
          style={
            {
              "flexDirection": "column",
            }
          }
        >
          <View
            style={
              [
                {
                  "borderColor": "#E67918",
                  "borderRadius": 12,
                  "borderWidth": 1,
                  "flexDirection": "row",
                  "justifyContent": "center",
                },
                undefined,
              ]
            }
          >
            <TextInput
              onChangeText={[Function]}
              placeholder="Mot de passe"
              secureTextEntry={true}
              style={
                {
                  "fontSize": 13,
                  "height": "85%",
                  "paddingStart": "5%",
                  "width": "88%",
                }
              }
            />
            <View
              accessibilityState={
                {
                  "busy": undefined,
                  "checked": undefined,
                  "disabled": undefined,
                  "expanded": undefined,
                  "selected": undefined,
                }
              }
              accessibilityValue={
                {
                  "max": undefined,
                  "min": undefined,
                  "now": undefined,
                  "text": undefined,
                }
              }
              accessible={true}
              collapsable={false}
              focusable={true}
              onClick={[Function]}
              onResponderGrant={[Function]}
              onResponderMove={[Function]}
              onResponderRelease={[Function]}
              onResponderTerminate={[Function]}
              onResponderTerminationRequest={[Function]}
              onStartShouldSetResponder={[Function]}
              style={
                {
                  "opacity": 1,
                }
              }
            >
              <Text
                allowFontScaling={false}
                selectable={false}
                style={
                  [
                    {
                      "color": undefined,
                      "fontSize": 25,
                    },
                    {
                      "marginTop": "35%",
                    },
                    {
                      "fontFamily": "Feather",
                      "fontStyle": "normal",
                      "fontWeight": "normal",
                    },
                    {},
                  ]
                }
              >
                
              </Text>
            </View>
          </View>
        </View>
      </View>
      <View
        style={
          {
            "marginTop": "3%",
          }
        }
      >
        <View
          style={
            {
              "flexDirection": "column",
            }
          }
        >
          <View
            style={
              [
                {
                  "borderColor": "#E67918",
                  "borderRadius": 12,
                  "borderWidth": 1,
                  "flexDirection": "row",
                  "justifyContent": "center",
                },
                undefined,
              ]
            }
          >
            <TextInput
              onChangeText={[Function]}
              placeholder="Confirmer le mot de passe"
              secureTextEntry={true}
              style={
                {
                  "fontSize": 13,
                  "height": "85%",
                  "paddingStart": "5%",
                  "width": "88%",
                }
              }
            />
            <View
              accessibilityState={
                {
                  "busy": undefined,
                  "checked": undefined,
                  "disabled": undefined,
                  "expanded": undefined,
                  "selected": undefined,
                }
              }
              accessibilityValue={
                {
                  "max": undefined,
                  "min": undefined,
                  "now": undefined,
                  "text": undefined,
                }
              }
              accessible={true}
              collapsable={false}
              focusable={true}
              onClick={[Function]}
              onResponderGrant={[Function]}
              onResponderMove={[Function]}
              onResponderRelease={[Function]}
              onResponderTerminate={[Function]}
              onResponderTerminationRequest={[Function]}
              onStartShouldSetResponder={[Function]}
              style={
                {
                  "opacity": 1,
                }
              }
            >
              <Text
                allowFontScaling={false}
                selectable={false}
                style={
                  [
                    {
                      "color": undefined,
                      "fontSize": 25,
                    },
                    {
                      "marginTop": "35%",
                    },
                    {
                      "fontFamily": "Feather",
                      "fontStyle": "normal",
                      "fontWeight": "normal",
                    },
                    {},
                  ]
                }
              >
                
              </Text>
            </View>
          </View>
        </View>
      </View>
      <Text
        style={
          {
            "marginTop": "3%",
          }
        }
      >
        Le mot de passe doit contenir au moins:
                
- Une lettre majuscule. ex: B
- Une lettre minuscule. ex: c
- Un chiffre. ex: 1
- Le mot de passe doit contenir au moins 8 caractères.
            
exemple de mot de passe: Azerty123456
            
      </Text>
      <View
        style={
          {
            "flexDirection": "row",
            "justifyContent": "space-between",
            "marginEnd": "5%",
          }
        }
      >
        <View
          accessibilityRole="checkbox"
          accessibilityState={
            {
              "checked": false,
              "disabled": false,
            }
          }
          accessibilityValue={
            {
              "text": "off",
            }
          }
          accessible={true}
          pointerEvents="auto"
        >
          <RNCCheckbox
            forwardedRef={null}
            onChange={[Function]}
            onValueChange={[Function]}
            style={
              [
                {
                  "backgroundColor": "transparent",
                  "height": 32,
                  "width": 32,
                },
                undefined,
              ]
            }
            value={false}
          />
        </View>
        <Text>
          J'ai lu et j'accepte les conditions générales d'utilisation 
 ainsi que la politique de protection des données personnelles
        </Text>
      </View>
      <View
        style={
          {
            "marginTop": "25%",
          }
        }
      >
        <View
          style={
            [
              {
                "flexDirection": "row",
                "justifyContent": "center",
              },
              undefined,
            ]
          }
        >
          <View
            accessibilityState={
              {
                "busy": undefined,
                "checked": undefined,
                "disabled": true,
                "expanded": undefined,
                "selected": undefined,
              }
            }
            accessibilityValue={
              {
                "max": undefined,
                "min": undefined,
                "now": undefined,
                "text": undefined,
              }
            }
            accessible={true}
            collapsable={false}
            focusable={true}
            onClick={[Function]}
            onResponderGrant={[Function]}
            onResponderMove={[Function]}
            onResponderRelease={[Function]}
            onResponderTerminate={[Function]}
            onResponderTerminationRequest={[Function]}
            onStartShouldSetResponder={[Function]}
            style={
              {
                "alignContent": "center",
                "alignItems": "center",
                "backgroundColor": "#E2B288",
                "borderRadius": 4,
                "display": "flex",
                "height": undefined,
                "justifyContent": "center",
                "minWidth": "35%",
                "opacity": 1,
                "paddingVertical": 7,
                "width": "77%",
              }
            }
          >
            <Text
              style={
                [
                  {
                    "color": "black",
                    "fontFamily": "AvenirNext-Regular",
                    "fontSize": 13,
                    "textAlign": "center",
                  },
                  {
                    "color": "gray",
                  },
                  undefined,
                ]
              }
            >
              Créer mon compte
            </Text>
          </View>
        </View>
      </View>
    </View>
  </RNCSafeAreaView>
</div>
`;
