// Jest Snapshot v1, https://goo.gl/fbAQLP

exports[`StartupPage snapshot 1`] = `
<RNCSafeAreaView
  edges={
    {
      "bottom": "additive",
      "left": "additive",
      "right": "additive",
      "top": "additive",
    }
  }
  style={
    {
      "backgroundColor": "#C27129",
      "flex": 1,
      "flexDirection": "row",
    }
  }
>
  <RCTScrollView>
    <View>
      <View>
        <Image
          source={
            {
              "testUri": "../../../src/assets/login-image.jpg",
            }
          }
          style={
            {
              "height": 1114,
              "width": "100%",
            }
          }
        />
      </View>
      <View
        style={
          {
            "alignItems": "flex-start",
            "flexDirection": "row",
            "justifyContent": "center",
          }
        }
      >
        <Image
          source={
            {
              "testUri": "../../../src/assets/app-logo.png",
            }
          }
          style={
            {
              "height": 66,
              "marginStart": "5%",
              "marginTop": "4%",
              "width": 70,
            }
          }
        />
        <Text
          style={
            {
              "color": "#FFF",
              "fontFamily": "AvenirNext-Bold",
              "fontSize": 27,
              "marginEnd": "10%",
              "marginTop": "7%",
            }
          }
        >
          Bienvenue sur Kasa
        </Text>
      </View>
      <View
        style={
          {
            "alignItems": "center",
            "flexDirection": "column",
            "justifyContent": "center",
            "marginStart": "10%",
          }
        }
      >
        <Text
          style={
            {
              "color": "#FFF",
              "fontFamily": "AvenirNext-Regular",
              "fontSize": 15,
              "marginEnd": "10%",
              "marginTop": "4%",
            }
          }
        >
          Gagnez du temps, économisez de l'énergie
        </Text>
        <Text
          style={
            {
              "color": "#FFF",
              "fontFamily": "AvenirNext-Regular",
              "fontSize": 15,
              "marginEnd": "10%",
            }
          }
        >
          Commencez dès aujourd'hui !
        </Text>
      </View>
      <View
        style={
          {
            "alignItems": "stretch",
            "flexDirection": "row",
            "justifyContent": "flex-start",
            "marginStart": "14%",
            "marginTop": "6%",
          }
        }
      >
        <View
          accessibilityState={
            {
              "busy": undefined,
              "checked": undefined,
              "disabled": undefined,
              "expanded": undefined,
              "selected": undefined,
            }
          }
          accessibilityValue={
            {
              "max": undefined,
              "min": undefined,
              "now": undefined,
              "text": undefined,
            }
          }
          accessible={true}
          collapsable={false}
          focusable={true}
          onClick={[Function]}
          onResponderGrant={[Function]}
          onResponderMove={[Function]}
          onResponderRelease={[Function]}
          onResponderTerminate={[Function]}
          onResponderTerminationRequest={[Function]}
          onStartShouldSetResponder={[Function]}
          style={
            {
              "alignItems": "center",
              "backgroundColor": "#E67918",
              "borderRadius": 4,
              "height": "100%",
              "opacity": 1,
              "paddingBottom": 5,
              "paddingTop": 5,
              "width": "35%",
            }
          }
        >
          <Text
            style={
              {
                "color": "#FFF",
                "fontFamily": "AvenirNext-Bold",
                "fontSize": 14,
              }
            }
          >
            S'inscrire
          </Text>
        </View>
        <View
          accessibilityState={
            {
              "busy": undefined,
              "checked": undefined,
              "disabled": undefined,
              "expanded": undefined,
              "selected": undefined,
            }
          }
          accessibilityValue={
            {
              "max": undefined,
              "min": undefined,
              "now": undefined,
              "text": undefined,
            }
          }
          accessible={true}
          collapsable={false}
          focusable={true}
          onClick={[Function]}
          onResponderGrant={[Function]}
          onResponderMove={[Function]}
          onResponderRelease={[Function]}
          onResponderTerminate={[Function]}
          onResponderTerminationRequest={[Function]}
          onStartShouldSetResponder={[Function]}
          style={
            {
              "alignItems": "center",
              "borderColor": "#E67918",
              "borderRadius": 4,
              "borderWidth": 2,
              "height": "100%",
              "marginStart": "15%",
              "opacity": 1,
              "paddingBottom": 5,
              "paddingTop": 5,
              "width": "35%",
            }
          }
        >
          <Text
            style={
              {
                "color": "#FFF",
                "fontFamily": "AvenirNext-Bold",
                "fontSize": 14,
              }
            }
          >
            Se connecter
          </Text>
        </View>
      </View>
      <View
        style={
          {
            "height": 40,
          }
        }
      />
    </View>
  </RCTScrollView>
</RNCSafeAreaView>
`;
